STAR version=2.7.10b
STAR compilation time,server,dir=2022-11-01T09:53:26-04:00 :/home/dobin/data/STAR/STARcode/STAR.master/source
STAR git: On branch master ; commit c6f8efc2c7043ef83bf8b0d9bed36bbb6b9b1133 ; diff files: CHANGES.md 
##### Command Line:
STAR --runMode genomeGenerate --genomeDir hamlet-star --genomeFastaFiles hamlet-ref.fa --genomeSAindexNbases 7
##### Initial USER parameters from Command Line:
###### All USER parameters from Command Line:
runMode                       genomeGenerate        ~RE-DEFINED
genomeDir                     hamlet-star     ~RE-DEFINED
genomeFastaFiles              hamlet-ref.fa        ~RE-DEFINED
genomeSAindexNbases           7     ~RE-DEFINED
##### Finished reading parameters from all sources

##### Final user re-defined parameters-----------------:
runMode                           genomeGenerate   
genomeDir                         hamlet-star
genomeFastaFiles                  hamlet-ref.fa   
genomeSAindexNbases               7

-------------------------------
##### Final effective command line:
STAR   --runMode genomeGenerate      --genomeDir hamlet-star   --genomeFastaFiles hamlet-ref.fa      --genomeSAindexNbases 7
----------------------------------------

Number of fastq files for each mate = 1
ParametersSolo: --soloCellFilterType CellRanger2.2 filtering parameters:  3000 0.99 10
Finished loading and checking parameters
--genomeDir directory created: hamlet-star/
Aug 11 15:42:32 ... starting to generate Genome files
hamlet-ref.fa : chr # 0  "chr1" chrStart: 0
hamlet-ref.fa : chr # 1  "chr2" chrStart: 249036800
hamlet-ref.fa : chr # 2  "chr3" chrStart: 491257856
hamlet-ref.fa : chr # 3  "chr4" chrStart: 689700864
hamlet-ref.fa : chr # 4  "chr5" chrStart: 880017408
hamlet-ref.fa : chr # 5  "chr6" chrStart: 1061683200
hamlet-ref.fa : chr # 6  "chr7" chrStart: 1232601088
hamlet-ref.fa : chr # 7  "chr8" chrStart: 1391984640
hamlet-ref.fa : chr # 8  "chr9" chrStart: 1537212416
hamlet-ref.fa : chr # 9  "chr10" chrStart: 1675624448
hamlet-ref.fa : chr # 10  "chr11" chrStart: 1809580032
hamlet-ref.fa : chr # 11  "chr12" chrStart: 1944846336
hamlet-ref.fa : chr # 12  "chr13" chrStart: 2078277632
hamlet-ref.fa : chr # 13  "chr14" chrStart: 2192834560
hamlet-ref.fa : chr # 14  "chr15" chrStart: 2300051456
hamlet-ref.fa : chr # 15  "chr16" chrStart: 2402287616
hamlet-ref.fa : chr # 16  "chr17" chrStart: 2492727296
hamlet-ref.fa : chr # 17  "chr18" chrStart: 2576089088
hamlet-ref.fa : chr # 18  "chr19" chrStart: 2656567296
hamlet-ref.fa : chr # 19  "chr20" chrStart: 2715287552
hamlet-ref.fa : chr # 20  "chr21" chrStart: 2779774976
hamlet-ref.fa : chr # 21  "chr22" chrStart: 2826698752
hamlet-ref.fa : chr # 22  "chrX" chrStart: 2877554688
hamlet-ref.fa : chr # 23  "chrY" chrStart: 3033792512
hamlet-ref.fa : chr # 24  "chrM" chrStart: 3091202048
hamlet-ref.fa : chr # 25  "chr1_KI270706v1_random" chrStart: 3091464192
hamlet-ref.fa : chr # 26  "chr1_KI270707v1_random" chrStart: 3091726336
hamlet-ref.fa : chr # 27  "chr1_KI270708v1_random" chrStart: 3091988480
hamlet-ref.fa : chr # 28  "chr1_KI270709v1_random" chrStart: 3092250624
hamlet-ref.fa : chr # 29  "chr1_KI270710v1_random" chrStart: 3092512768
hamlet-ref.fa : chr # 30  "chr1_KI270711v1_random" chrStart: 3092774912
hamlet-ref.fa : chr # 31  "chr1_KI270712v1_random" chrStart: 3093037056
hamlet-ref.fa : chr # 32  "chr1_KI270713v1_random" chrStart: 3093299200
hamlet-ref.fa : chr # 33  "chr1_KI270714v1_random" chrStart: 3093561344
hamlet-ref.fa : chr # 34  "chr2_KI270715v1_random" chrStart: 3093823488
hamlet-ref.fa : chr # 35  "chr2_KI270716v1_random" chrStart: 3094085632
hamlet-ref.fa : chr # 36  "chr3_GL000221v1_random" chrStart: 3094347776
hamlet-ref.fa : chr # 37  "chr4_GL000008v2_random" chrStart: 3094609920
hamlet-ref.fa : chr # 38  "chr5_GL000208v1_random" chrStart: 3094872064
hamlet-ref.fa : chr # 39  "chr9_KI270717v1_random" chrStart: 3095134208
hamlet-ref.fa : chr # 40  "chr9_KI270718v1_random" chrStart: 3095396352
hamlet-ref.fa : chr # 41  "chr9_KI270719v1_random" chrStart: 3095658496
hamlet-ref.fa : chr # 42  "chr9_KI270720v1_random" chrStart: 3095920640
hamlet-ref.fa : chr # 43  "chr11_KI270721v1_random" chrStart: 3096182784
hamlet-ref.fa : chr # 44  "chr14_GL000009v2_random" chrStart: 3096444928
hamlet-ref.fa : chr # 45  "chr14_GL000225v1_random" chrStart: 3096707072
hamlet-ref.fa : chr # 46  "chr14_KI270722v1_random" chrStart: 3096969216
hamlet-ref.fa : chr # 47  "chr14_GL000194v1_random" chrStart: 3097231360
hamlet-ref.fa : chr # 48  "chr14_KI270723v1_random" chrStart: 3097493504
hamlet-ref.fa : chr # 49  "chr14_KI270724v1_random" chrStart: 3097755648
hamlet-ref.fa : chr # 50  "chr14_KI270725v1_random" chrStart: 3098017792
hamlet-ref.fa : chr # 51  "chr14_KI270726v1_random" chrStart: 3098279936
hamlet-ref.fa : chr # 52  "chr15_KI270727v1_random" chrStart: 3098542080
hamlet-ref.fa : chr # 53  "chr16_KI270728v1_random" chrStart: 3099066368
hamlet-ref.fa : chr # 54  "chr17_GL000205v2_random" chrStart: 3101163520
hamlet-ref.fa : chr # 55  "chr17_KI270729v1_random" chrStart: 3101425664
hamlet-ref.fa : chr # 56  "chr17_KI270730v1_random" chrStart: 3101949952
hamlet-ref.fa : chr # 57  "chr22_KI270731v1_random" chrStart: 3102212096
hamlet-ref.fa : chr # 58  "chr22_KI270732v1_random" chrStart: 3102474240
hamlet-ref.fa : chr # 59  "chr22_KI270733v1_random" chrStart: 3102736384
hamlet-ref.fa : chr # 60  "chr22_KI270734v1_random" chrStart: 3102998528
hamlet-ref.fa : chr # 61  "chr22_KI270735v1_random" chrStart: 3103260672
hamlet-ref.fa : chr # 62  "chr22_KI270736v1_random" chrStart: 3103522816
hamlet-ref.fa : chr # 63  "chr22_KI270737v1_random" chrStart: 3103784960
hamlet-ref.fa : chr # 64  "chr22_KI270738v1_random" chrStart: 3104047104
hamlet-ref.fa : chr # 65  "chr22_KI270739v1_random" chrStart: 3104309248
hamlet-ref.fa : chr # 66  "chrY_KI270740v1_random" chrStart: 3104571392
hamlet-ref.fa : chr # 67  "chrUn_KI270302v1" chrStart: 3104833536
hamlet-ref.fa : chr # 68  "chrUn_KI270304v1" chrStart: 3105095680
hamlet-ref.fa : chr # 69  "chrUn_KI270303v1" chrStart: 3105357824
hamlet-ref.fa : chr # 70  "chrUn_KI270305v1" chrStart: 3105619968
hamlet-ref.fa : chr # 71  "chrUn_KI270322v1" chrStart: 3105882112
hamlet-ref.fa : chr # 72  "chrUn_KI270320v1" chrStart: 3106144256
hamlet-ref.fa : chr # 73  "chrUn_KI270310v1" chrStart: 3106406400
hamlet-ref.fa : chr # 74  "chrUn_KI270316v1" chrStart: 3106668544
hamlet-ref.fa : chr # 75  "chrUn_KI270315v1" chrStart: 3106930688
hamlet-ref.fa : chr # 76  "chrUn_KI270312v1" chrStart: 3107192832
hamlet-ref.fa : chr # 77  "chrUn_KI270311v1" chrStart: 3107454976
hamlet-ref.fa : chr # 78  "chrUn_KI270317v1" chrStart: 3107717120
hamlet-ref.fa : chr # 79  "chrUn_KI270412v1" chrStart: 3107979264
hamlet-ref.fa : chr # 80  "chrUn_KI270411v1" chrStart: 3108241408
hamlet-ref.fa : chr # 81  "chrUn_KI270414v1" chrStart: 3108503552
hamlet-ref.fa : chr # 82  "chrUn_KI270419v1" chrStart: 3108765696
hamlet-ref.fa : chr # 83  "chrUn_KI270418v1" chrStart: 3109027840
hamlet-ref.fa : chr # 84  "chrUn_KI270420v1" chrStart: 3109289984
hamlet-ref.fa : chr # 85  "chrUn_KI270424v1" chrStart: 3109552128
hamlet-ref.fa : chr # 86  "chrUn_KI270417v1" chrStart: 3109814272
hamlet-ref.fa : chr # 87  "chrUn_KI270422v1" chrStart: 3110076416
hamlet-ref.fa : chr # 88  "chrUn_KI270423v1" chrStart: 3110338560
hamlet-ref.fa : chr # 89  "chrUn_KI270425v1" chrStart: 3110600704
hamlet-ref.fa : chr # 90  "chrUn_KI270429v1" chrStart: 3110862848
hamlet-ref.fa : chr # 91  "chrUn_KI270442v1" chrStart: 3111124992
hamlet-ref.fa : chr # 92  "chrUn_KI270466v1" chrStart: 3111649280
hamlet-ref.fa : chr # 93  "chrUn_KI270465v1" chrStart: 3111911424
hamlet-ref.fa : chr # 94  "chrUn_KI270467v1" chrStart: 3112173568
hamlet-ref.fa : chr # 95  "chrUn_KI270435v1" chrStart: 3112435712
hamlet-ref.fa : chr # 96  "chrUn_KI270438v1" chrStart: 3112697856
hamlet-ref.fa : chr # 97  "chrUn_KI270468v1" chrStart: 3112960000
hamlet-ref.fa : chr # 98  "chrUn_KI270510v1" chrStart: 3113222144
hamlet-ref.fa : chr # 99  "chrUn_KI270509v1" chrStart: 3113484288
hamlet-ref.fa : chr # 100  "chrUn_KI270518v1" chrStart: 3113746432
hamlet-ref.fa : chr # 101  "chrUn_KI270508v1" chrStart: 3114008576
hamlet-ref.fa : chr # 102  "chrUn_KI270516v1" chrStart: 3114270720
hamlet-ref.fa : chr # 103  "chrUn_KI270512v1" chrStart: 3114532864
hamlet-ref.fa : chr # 104  "chrUn_KI270519v1" chrStart: 3114795008
hamlet-ref.fa : chr # 105  "chrUn_KI270522v1" chrStart: 3115057152
hamlet-ref.fa : chr # 106  "chrUn_KI270511v1" chrStart: 3115319296
hamlet-ref.fa : chr # 107  "chrUn_KI270515v1" chrStart: 3115581440
hamlet-ref.fa : chr # 108  "chrUn_KI270507v1" chrStart: 3115843584
hamlet-ref.fa : chr # 109  "chrUn_KI270517v1" chrStart: 3116105728
hamlet-ref.fa : chr # 110  "chrUn_KI270529v1" chrStart: 3116367872
hamlet-ref.fa : chr # 111  "chrUn_KI270528v1" chrStart: 3116630016
hamlet-ref.fa : chr # 112  "chrUn_KI270530v1" chrStart: 3116892160
hamlet-ref.fa : chr # 113  "chrUn_KI270539v1" chrStart: 3117154304
hamlet-ref.fa : chr # 114  "chrUn_KI270538v1" chrStart: 3117416448
hamlet-ref.fa : chr # 115  "chrUn_KI270544v1" chrStart: 3117678592
hamlet-ref.fa : chr # 116  "chrUn_KI270548v1" chrStart: 3117940736
hamlet-ref.fa : chr # 117  "chrUn_KI270583v1" chrStart: 3118202880
hamlet-ref.fa : chr # 118  "chrUn_KI270587v1" chrStart: 3118465024
hamlet-ref.fa : chr # 119  "chrUn_KI270580v1" chrStart: 3118727168
hamlet-ref.fa : chr # 120  "chrUn_KI270581v1" chrStart: 3118989312
hamlet-ref.fa : chr # 121  "chrUn_KI270579v1" chrStart: 3119251456
hamlet-ref.fa : chr # 122  "chrUn_KI270589v1" chrStart: 3119513600
hamlet-ref.fa : chr # 123  "chrUn_KI270590v1" chrStart: 3119775744
hamlet-ref.fa : chr # 124  "chrUn_KI270584v1" chrStart: 3120037888
hamlet-ref.fa : chr # 125  "chrUn_KI270582v1" chrStart: 3120300032
hamlet-ref.fa : chr # 126  "chrUn_KI270588v1" chrStart: 3120562176
hamlet-ref.fa : chr # 127  "chrUn_KI270593v1" chrStart: 3120824320
hamlet-ref.fa : chr # 128  "chrUn_KI270591v1" chrStart: 3121086464
hamlet-ref.fa : chr # 129  "chrUn_KI270330v1" chrStart: 3121348608
hamlet-ref.fa : chr # 130  "chrUn_KI270329v1" chrStart: 3121610752
hamlet-ref.fa : chr # 131  "chrUn_KI270334v1" chrStart: 3121872896
hamlet-ref.fa : chr # 132  "chrUn_KI270333v1" chrStart: 3122135040
hamlet-ref.fa : chr # 133  "chrUn_KI270335v1" chrStart: 3122397184
hamlet-ref.fa : chr # 134  "chrUn_KI270338v1" chrStart: 3122659328
hamlet-ref.fa : chr # 135  "chrUn_KI270340v1" chrStart: 3122921472
hamlet-ref.fa : chr # 136  "chrUn_KI270336v1" chrStart: 3123183616
hamlet-ref.fa : chr # 137  "chrUn_KI270337v1" chrStart: 3123445760
hamlet-ref.fa : chr # 138  "chrUn_KI270363v1" chrStart: 3123707904
hamlet-ref.fa : chr # 139  "chrUn_KI270364v1" chrStart: 3123970048
hamlet-ref.fa : chr # 140  "chrUn_KI270362v1" chrStart: 3124232192
hamlet-ref.fa : chr # 141  "chrUn_KI270366v1" chrStart: 3124494336
hamlet-ref.fa : chr # 142  "chrUn_KI270378v1" chrStart: 3124756480
hamlet-ref.fa : chr # 143  "chrUn_KI270379v1" chrStart: 3125018624
hamlet-ref.fa : chr # 144  "chrUn_KI270389v1" chrStart: 3125280768
hamlet-ref.fa : chr # 145  "chrUn_KI270390v1" chrStart: 3125542912
hamlet-ref.fa : chr # 146  "chrUn_KI270387v1" chrStart: 3125805056
hamlet-ref.fa : chr # 147  "chrUn_KI270395v1" chrStart: 3126067200
hamlet-ref.fa : chr # 148  "chrUn_KI270396v1" chrStart: 3126329344
hamlet-ref.fa : chr # 149  "chrUn_KI270388v1" chrStart: 3126591488
hamlet-ref.fa : chr # 150  "chrUn_KI270394v1" chrStart: 3126853632
hamlet-ref.fa : chr # 151  "chrUn_KI270386v1" chrStart: 3127115776
hamlet-ref.fa : chr # 152  "chrUn_KI270391v1" chrStart: 3127377920
hamlet-ref.fa : chr # 153  "chrUn_KI270383v1" chrStart: 3127640064
hamlet-ref.fa : chr # 154  "chrUn_KI270393v1" chrStart: 3127902208
hamlet-ref.fa : chr # 155  "chrUn_KI270384v1" chrStart: 3128164352
hamlet-ref.fa : chr # 156  "chrUn_KI270392v1" chrStart: 3128426496
hamlet-ref.fa : chr # 157  "chrUn_KI270381v1" chrStart: 3128688640
hamlet-ref.fa : chr # 158  "chrUn_KI270385v1" chrStart: 3128950784
hamlet-ref.fa : chr # 159  "chrUn_KI270382v1" chrStart: 3129212928
hamlet-ref.fa : chr # 160  "chrUn_KI270376v1" chrStart: 3129475072
hamlet-ref.fa : chr # 161  "chrUn_KI270374v1" chrStart: 3129737216
hamlet-ref.fa : chr # 162  "chrUn_KI270372v1" chrStart: 3129999360
hamlet-ref.fa : chr # 163  "chrUn_KI270373v1" chrStart: 3130261504
hamlet-ref.fa : chr # 164  "chrUn_KI270375v1" chrStart: 3130523648
hamlet-ref.fa : chr # 165  "chrUn_KI270371v1" chrStart: 3130785792
hamlet-ref.fa : chr # 166  "chrUn_KI270448v1" chrStart: 3131047936
hamlet-ref.fa : chr # 167  "chrUn_KI270521v1" chrStart: 3131310080
hamlet-ref.fa : chr # 168  "chrUn_GL000195v1" chrStart: 3131572224
hamlet-ref.fa : chr # 169  "chrUn_GL000219v1" chrStart: 3131834368
hamlet-ref.fa : chr # 170  "chrUn_GL000220v1" chrStart: 3132096512
hamlet-ref.fa : chr # 171  "chrUn_GL000224v1" chrStart: 3132358656
hamlet-ref.fa : chr # 172  "chrUn_KI270741v1" chrStart: 3132620800
hamlet-ref.fa : chr # 173  "chrUn_GL000226v1" chrStart: 3132882944
hamlet-ref.fa : chr # 174  "chrUn_GL000213v1" chrStart: 3133145088
hamlet-ref.fa : chr # 175  "chrUn_KI270743v1" chrStart: 3133407232
hamlet-ref.fa : chr # 176  "chrUn_KI270744v1" chrStart: 3133669376
hamlet-ref.fa : chr # 177  "chrUn_KI270745v1" chrStart: 3133931520
hamlet-ref.fa : chr # 178  "chrUn_KI270746v1" chrStart: 3134193664
hamlet-ref.fa : chr # 179  "chrUn_KI270747v1" chrStart: 3134455808
hamlet-ref.fa : chr # 180  "chrUn_KI270748v1" chrStart: 3134717952
hamlet-ref.fa : chr # 181  "chrUn_KI270749v1" chrStart: 3134980096
hamlet-ref.fa : chr # 182  "chrUn_KI270750v1" chrStart: 3135242240
hamlet-ref.fa : chr # 183  "chrUn_KI270751v1" chrStart: 3135504384
hamlet-ref.fa : chr # 184  "chrUn_KI270752v1" chrStart: 3135766528
hamlet-ref.fa : chr # 185  "chrUn_KI270753v1" chrStart: 3136028672
hamlet-ref.fa : chr # 186  "chrUn_KI270754v1" chrStart: 3136290816
hamlet-ref.fa : chr # 187  "chrUn_KI270755v1" chrStart: 3136552960
hamlet-ref.fa : chr # 188  "chrUn_KI270756v1" chrStart: 3136815104
hamlet-ref.fa : chr # 189  "chrUn_KI270757v1" chrStart: 3137077248
hamlet-ref.fa : chr # 190  "chrUn_GL000214v1" chrStart: 3137339392
hamlet-ref.fa : chr # 191  "chrUn_KI270742v1" chrStart: 3137601536
hamlet-ref.fa : chr # 192  "chrUn_GL000216v2" chrStart: 3137863680
hamlet-ref.fa : chr # 193  "chrUn_GL000218v1" chrStart: 3138125824
hamlet-ref.fa : chr # 194  "chrEBV" chrStart: 3138387968
Chromosome sequence lengths: 
chr1	248956422
chr2	242193529
chr3	198295559
chr4	190214555
chr5	181538259
chr6	170805979
chr7	159345973
chr8	145138636
chr9	138394717
chr10	133797422
chr11	135086622
chr12	133275309
chr13	114364328
chr14	107043718
chr15	101991189
chr16	90338345
chr17	83257441
chr18	80373285
chr19	58617616
chr20	64444167
chr21	46709983
chr22	50818468
chrX	156040895
chrY	57227415
chrM	16569
chr1_KI270706v1_random	175055
chr1_KI270707v1_random	32032
chr1_KI270708v1_random	127682
chr1_KI270709v1_random	66860
chr1_KI270710v1_random	40176
chr1_KI270711v1_random	42210
chr1_KI270712v1_random	176043
chr1_KI270713v1_random	40745
chr1_KI270714v1_random	41717
chr2_KI270715v1_random	161471
chr2_KI270716v1_random	153799
chr3_GL000221v1_random	155397
chr4_GL000008v2_random	209709
chr5_GL000208v1_random	92689
chr9_KI270717v1_random	40062
chr9_KI270718v1_random	38054
chr9_KI270719v1_random	176845
chr9_KI270720v1_random	39050
chr11_KI270721v1_random	100316
chr14_GL000009v2_random	201709
chr14_GL000225v1_random	211173
chr14_KI270722v1_random	194050
chr14_GL000194v1_random	191469
chr14_KI270723v1_random	38115
chr14_KI270724v1_random	39555
chr14_KI270725v1_random	172810
chr14_KI270726v1_random	43739
chr15_KI270727v1_random	448248
chr16_KI270728v1_random	1872759
chr17_GL000205v2_random	185591
chr17_KI270729v1_random	280839
chr17_KI270730v1_random	112551
chr22_KI270731v1_random	150754
chr22_KI270732v1_random	41543
chr22_KI270733v1_random	179772
chr22_KI270734v1_random	165050
chr22_KI270735v1_random	42811
chr22_KI270736v1_random	181920
chr22_KI270737v1_random	103838
chr22_KI270738v1_random	99375
chr22_KI270739v1_random	73985
chrY_KI270740v1_random	37240
chrUn_KI270302v1	2274
chrUn_KI270304v1	2165
chrUn_KI270303v1	1942
chrUn_KI270305v1	1472
chrUn_KI270322v1	21476
chrUn_KI270320v1	4416
chrUn_KI270310v1	1201
chrUn_KI270316v1	1444
chrUn_KI270315v1	2276
chrUn_KI270312v1	998
chrUn_KI270311v1	12399
chrUn_KI270317v1	37690
chrUn_KI270412v1	1179
chrUn_KI270411v1	2646
chrUn_KI270414v1	2489
chrUn_KI270419v1	1029
chrUn_KI270418v1	2145
chrUn_KI270420v1	2321
chrUn_KI270424v1	2140
chrUn_KI270417v1	2043
chrUn_KI270422v1	1445
chrUn_KI270423v1	981
chrUn_KI270425v1	1884
chrUn_KI270429v1	1361
chrUn_KI270442v1	392061
chrUn_KI270466v1	1233
chrUn_KI270465v1	1774
chrUn_KI270467v1	3920
chrUn_KI270435v1	92983
chrUn_KI270438v1	112505
chrUn_KI270468v1	4055
chrUn_KI270510v1	2415
chrUn_KI270509v1	2318
chrUn_KI270518v1	2186
chrUn_KI270508v1	1951
chrUn_KI270516v1	1300
chrUn_KI270512v1	22689
chrUn_KI270519v1	138126
chrUn_KI270522v1	5674
chrUn_KI270511v1	8127
chrUn_KI270515v1	6361
chrUn_KI270507v1	5353
chrUn_KI270517v1	3253
chrUn_KI270529v1	1899
chrUn_KI270528v1	2983
chrUn_KI270530v1	2168
chrUn_KI270539v1	993
chrUn_KI270538v1	91309
chrUn_KI270544v1	1202
chrUn_KI270548v1	1599
chrUn_KI270583v1	1400
chrUn_KI270587v1	2969
chrUn_KI270580v1	1553
chrUn_KI270581v1	7046
chrUn_KI270579v1	31033
chrUn_KI270589v1	44474
chrUn_KI270590v1	4685
chrUn_KI270584v1	4513
chrUn_KI270582v1	6504
chrUn_KI270588v1	6158
chrUn_KI270593v1	3041
chrUn_KI270591v1	5796
chrUn_KI270330v1	1652
chrUn_KI270329v1	1040
chrUn_KI270334v1	1368
chrUn_KI270333v1	2699
chrUn_KI270335v1	1048
chrUn_KI270338v1	1428
chrUn_KI270340v1	1428
chrUn_KI270336v1	1026
chrUn_KI270337v1	1121
chrUn_KI270363v1	1803
chrUn_KI270364v1	2855
chrUn_KI270362v1	3530
chrUn_KI270366v1	8320
chrUn_KI270378v1	1048
chrUn_KI270379v1	1045
chrUn_KI270389v1	1298
chrUn_KI270390v1	2387
chrUn_KI270387v1	1537
chrUn_KI270395v1	1143
chrUn_KI270396v1	1880
chrUn_KI270388v1	1216
chrUn_KI270394v1	970
chrUn_KI270386v1	1788
chrUn_KI270391v1	1484
chrUn_KI270383v1	1750
chrUn_KI270393v1	1308
chrUn_KI270384v1	1658
chrUn_KI270392v1	971
chrUn_KI270381v1	1930
chrUn_KI270385v1	990
chrUn_KI270382v1	4215
chrUn_KI270376v1	1136
chrUn_KI270374v1	2656
chrUn_KI270372v1	1650
chrUn_KI270373v1	1451
chrUn_KI270375v1	2378
chrUn_KI270371v1	2805
chrUn_KI270448v1	7992
chrUn_KI270521v1	7642
chrUn_GL000195v1	182896
chrUn_GL000219v1	179198
chrUn_GL000220v1	161802
chrUn_GL000224v1	179693
chrUn_KI270741v1	157432
chrUn_GL000226v1	15008
chrUn_GL000213v1	164239
chrUn_KI270743v1	210658
chrUn_KI270744v1	168472
chrUn_KI270745v1	41891
chrUn_KI270746v1	66486
chrUn_KI270747v1	198735
chrUn_KI270748v1	93321
chrUn_KI270749v1	158759
chrUn_KI270750v1	148850
chrUn_KI270751v1	150742
chrUn_KI270752v1	27745
chrUn_KI270753v1	62944
chrUn_KI270754v1	40191
chrUn_KI270755v1	36723
chrUn_KI270756v1	79590
chrUn_KI270757v1	71251
chrUn_GL000214v1	137718
chrUn_KI270742v1	186739
chrUn_GL000216v2	176608
chrUn_GL000218v1	161147
chrEBV	171823
Genome sequence total length = 3099922541
Genome size with padding = 3138650112
Estimated genome size with padding and SJs: total=genome+SJ=3339650112 = 3138650112 + 201000000
GstrandBit=32
Number of SA indices: 3371244
Aug 11 15:42:58 ... starting to sort Suffix Array. This may take a long time...
Number of chunks: 1;   chunks size limit: 14833619744 bytes
Aug 11 15:43:10 ... sorting Suffix Array chunks and saving them to disk...
Writing 26969952 bytes into hamlet-star//SA_0 ; empty space on disk = 13924634624 bytes ... done
Aug 11 15:43:15 ... loading chunks from disk, packing SA...
Aug 11 15:43:24 ... finished generating suffix array
Aug 11 15:43:24 ... generating Suffix Array index
Aug 11 15:43:24 ... completed Suffix Array index
Aug 11 15:43:24 ... writing Genome to disk ...
Writing 3138650112 bytes into hamlet-star//Genome ; empty space on disk = 13924630528 bytes ... done
SA size in bytes: 13906385
Aug 11 15:43:29 ... writing Suffix Array to disk ...
Writing 13906385 bytes into hamlet-star//SA ; empty space on disk = 10785976320 bytes ... done
Aug 11 15:43:29 ... writing SAindex to disk
Writing 8 bytes into hamlet-star//SAindex ; empty space on disk = 10772066304 bytes ... done
Writing 64 bytes into hamlet-star//SAindex ; empty space on disk = 10772066304 bytes ... done
Writing 95571 bytes into hamlet-star//SAindex ; empty space on disk = 10772066304 bytes ... done
Aug 11 15:43:29 ..... finished successfully
DONE: Genome generation, EXITING
